// Jest Snapshot v1, https://goo.gl/fbAQLP

exports[`App matches snapshot 1`] = `
<div>
  <div
    className="sticky-top"
  >
    <div
      className="collapse"
      id="navbarToggleExternalContent"
    >
      <div
        className="bg-dark p-4"
      >
        <div
          className="row"
        >
          <div
            className="col-3"
          >
            <div
              aria-orientation="vertical"
              className="nav flex-column nav-pills"
              id="v-pills-tab"
              role="tablist"
            >
              <a
                aria-controls="v-pills-download"
                aria-selected="true"
                className="nav-link active text-white bg-secondary"
                data-toggle="pill"
                href="#v-pills-download"
                id="v-pills-download-tab"
                role="tab"
              >
                Download
              </a>
              <a
                aria-controls="v-pills-upload"
                aria-selected="false"
                className="nav-link text-white"
                data-toggle="pill"
                href="#v-pills-upload"
                id="v-pills-upload-tab"
                role="tab"
              >
                Upload
              </a>
              <a
                className="nav-link text-white"
              >
                Reset
              </a>
            </div>
          </div>
          <div
            className="col-9"
          >
            <div
              className="tab-content"
              id="v-pills-tabContent"
            >
              <div
                aria-labelledby="v-pills-download-tab"
                className="tab-pane fade show active"
                id="v-pills-download"
                role="tabpanel"
              >
                <button
                  className="btn btn-secondary btn-lg btn-block"
                  type="button"
                >
                  Data Input Template
                </button>
                <button
                  className="btn btn-secondary btn-lg btn-block"
                  type="button"
                >
                  Current Filter Selection
                </button>
                <button
                  className="btn btn-secondary btn-lg btn-block"
                  type="button"
                >
                  All Data
                </button>
              </div>
              <div
                aria-labelledby="v-pills-upload-tab"
                className="tab-pane fade"
                id="v-pills-upload"
                role="tabpanel"
              >
                <div
                  className="input-group mb-3"
                >
                  <div
                    className="custom-file"
                  >
                    <input
                      accept=".csv"
                      className="custom-file-input"
                      id="inputGroupFile02"
                      multiple={false}
                      onInput={[Function]}
                      type="file"
                    />
                    <label
                      aria-describedby="inputGroupFileAddon02"
                      className="custom-file-label"
                      htmlFor="inputGroupFile02"
                    >
                      Choose file
                    </label>
                  </div>
                </div>
              </div>
            </div>
          </div>
        </div>
      </div>
    </div>
    <nav
      className="navbar navbar-dark bg-dark"
    >
      <button
        aria-controls="navbarToggleExternalContent"
        aria-expanded="false"
        aria-label="Toggle navigation"
        className="navbar-toggler"
        data-target="#navbarToggleExternalContent"
        data-toggle="collapse"
        type="button"
      >
        <span
          className="navbar-toggler-icon"
        />
      </button>
    </nav>
  </div>
  <table
    className="table table-striped"
  >
    <thead>
      <tr>
        <th>
          Name
        </th>
        <th>
          Age
        </th>
        <th>
          Date Of Birth
        </th>
        <th>
          Reporting Manager
        </th>
        <th>
          Department
        </th>
        <th>
          Salary
        </th>
      </tr>
    </thead>
    <tbody>
      <tr>
        <td>
          a
        </td>
        <td>
          23
        </td>
        <td>
          12/01/1987
        </td>
        <td>
          asdasd asfasfd
        </td>
        <td>
          aseasdaf
        </td>
        <td>
          234234234
        </td>
      </tr>
      <tr>
        <td>
          b
        </td>
        <td>
          25
        </td>
        <td>
          12/06/1977
        </td>
        <td>
          klhmhg toirhjrt
        </td>
        <td>
          oyptjns
        </td>
        <td>
          98876476585
        </td>
      </tr>
    </tbody>
  </table>
</div>
`;
